<html>
<body>
<pre>
<h1>µVision Build Log</h1>
<h2>Project:</h2>
C:\SVN\trunk\Customers\ARMCortexM4Book\Source\DTMF\DTMF.uvproj
Project File Date:  01/31/2013

<h2>Output:</h2>
Build target 'Target 1'
creating preprocessor file for system_ARMCM4.c...
compiling system_ARMCM4.c...
assembling startup_ARMCM4.s...
creating preprocessor file for Retarget.c...
compiling Retarget.c...
creating preprocessor file for Serial_MPS.c...
compiling Serial_MPS.c...
creating preprocessor file for DTMF.c...
compiling DTMF.c...
linking...
Program Size: Code=11076 RO-data=92416 RW-data=460 ZI-data=15780  
"DTMF.axf" - 0 Error(s), 0 Warning(s).
Build target 'Target 1'
linking...
Program Size: Code=11076 RO-data=92416 RW-data=460 ZI-data=15780  
FromELF: creating hex file...
"DTMF.axf" - 0 Error(s), 0 Warning(s).
Clean started: Project: 'DTMF'
   deleting intermediate output files for target 'Target 1'
Clean started: Project: 'DTMF'
   deleting intermediate output files for target 'Target 1'
Build target 'Target 1'
creating preprocessor file for system_ARMCM4.c...
compiling system_ARMCM4.c...
assembling startup_ARMCM4.s...
creating preprocessor file for Retarget.c...
compiling Retarget.c...
creating preprocessor file for Serial_MPS.c...
compiling Serial_MPS.c...
creating preprocessor file for DTMF.c...
compiling DTMF.c...
linking...
Program Size: Code=11076 RO-data=92416 RW-data=460 ZI-data=15780  
FromELF: creating hex file...
".\Obj\DTMF.axf" - 0 Error(s), 0 Warning(s).
Build target 'Target 1'
linking...
Program Size: Code=11076 RO-data=92416 RW-data=460 ZI-data=15780  
FromELF: creating hex file...
".\Obj\DTMF.axf" - 0 Error(s), 0 Warning(s).
