<html>
<body>
<pre>
<h1>µVision Build Log</h1>
<h2>Project:</h2>
C:\SVN\trunk\Customers\ARMCortexM4Book\Source\LS\LS.uvproj
Project File Date:  01/31/2013

<h2>Output:</h2>
Clean started: Project: 'LS'
   deleting intermediate output files for target 'Target 1'
Clean started: Project: 'LS'
   deleting intermediate output files for target 'Target 1'
Build target 'Target 1'
creating preprocessor file for system_ARMCM4.c...
compiling system_ARMCM4.c...
assembling startup_ARMCM4.s...
creating preprocessor file for Serial_MPS.c...
Serial_MPS.c(18): error:  #5: cannot open source input file "Serial.h": No such file or directory
compiling Serial_MPS.c...
Serial_MPS.c(18): error:  #5: cannot open source input file "Serial.h": No such file or directory
creating preprocessor file for Retarget.c...
compiling Retarget.c...
creating preprocessor file for LS.c...
compiling LS.c...
Target not created
Build target 'Target 1'
compiling Serial_MPS.c...
linking...
Program Size: Code=2228 RO-data=224 RW-data=476 ZI-data=6116  
FromELF: creating hex file...
".\Obj\LS.axf" - 0 Error(s), 0 Warning(s).
Clean started: Project: 'LS'
   deleting intermediate output files for target 'Target 1'
